// Jest Snapshot v1, https://goo.gl/fbAQLP

exports[`Favorites renders correctly 1`] = `
Array [
  <main
    className="page__main page__main--favorites"
  >
    <div
      className="page__favorites-container container"
    >
      <section
        className="favorites"
      >
        <h1
          className="favorites__title"
        >
          Saved listing
        </h1>
        <ul
          className="favorites__list"
        >
          <li
            className="favorites__locations-items"
          >
            <div
              className="favorites__locations locations locations--current"
            >
              <div
                className="locations__item"
              >
                <a
                  className="locations__item-link"
                >
                  <span>
                    Berlin
                  </span>
                </a>
              </div>
            </div>
            <div
              className="favorites__places"
            >
              <div
                className="cities__places-list places__list tabs__content"
              >
                <article
                  className="cities__place-card place-card"
                >
                  <div
                    className="place-card__mark"
                  >
                    <span>
                      Premium
                    </span>
                  </div>
                  <div
                    className="cities__image-wrapper place-card__image-wrapper"
                  >
                    <a
                      onClick={[Function]}
                    >
                      <img
                        alt="Place image"
                        className="place-card__image"
                        height="200"
                        src=""
                        width="260"
                      />
                    </a>
                  </div>
                  <div
                    className="place-card__info"
                  >
                    <div
                      className="place-card__price-wrapper"
                    >
                      <div
                        className="place-card__price"
                      >
                        <b
                          className="place-card__price-value"
                        >
                          €
                          1200
                        </b>
                        <span
                          className="place-card__price-text"
                        >
                          / night
                        </span>
                      </div>
                      <button
                        className="place-card__bookmark-button button "
                        onClick={[Function]}
                        type="button"
                      >
                        <svg
                          className="place-card__bookmark-icon"
                          height="19"
                          width="18"
                        >
                          <use
                            xlinkHref="#icon-bookmark"
                          />
                        </svg>
                        <span
                          className="visually-hidden"
                        >
                          To bookmarks
                        </span>
                      </button>
                    </div>
                    <div
                      className="place-card__rating rating"
                    >
                      <div
                        className="place-card__stars rating__stars"
                      >
                        <span
                          style={
                            Object {
                              "width": "30%",
                            }
                          }
                        />
                        <span
                          className="visually-hidden"
                        >
                          Rating
                        </span>
                      </div>
                    </div>
                    <h2
                      className="place-card__name"
                    >
                      <a
                        href="/offer/1"
                        onClick={[Function]}
                      >
                        Strange place
                      </a>
                    </h2>
                    <p
                      className="place-card__type"
                    >
                      Apartment
                    </p>
                  </div>
                </article>
              </div>
            </div>
          </li>
          <li
            className="favorites__locations-items"
          >
            <div
              className="favorites__locations locations locations--current"
            >
              <div
                className="locations__item"
              >
                <a
                  className="locations__item-link"
                >
                  <span>
                    Dusseldorf
                  </span>
                </a>
              </div>
            </div>
            <div
              className="favorites__places"
            >
              <div
                className="cities__places-list places__list tabs__content"
              >
                <article
                  className="cities__place-card place-card"
                >
                  <div
                    className="place-card__mark"
                  >
                    <span>
                      Premium
                    </span>
                  </div>
                  <div
                    className="cities__image-wrapper place-card__image-wrapper"
                  >
                    <a
                      onClick={[Function]}
                    >
                      <img
                        alt="Place image"
                        className="place-card__image"
                        height="200"
                        src=""
                        width="260"
                      />
                    </a>
                  </div>
                  <div
                    className="place-card__info"
                  >
                    <div
                      className="place-card__price-wrapper"
                    >
                      <div
                        className="place-card__price"
                      >
                        <b
                          className="place-card__price-value"
                        >
                          €
                          800
                        </b>
                        <span
                          className="place-card__price-text"
                        >
                          / night
                        </span>
                      </div>
                      <button
                        className="place-card__bookmark-button button "
                        onClick={[Function]}
                        type="button"
                      >
                        <svg
                          className="place-card__bookmark-icon"
                          height="19"
                          width="18"
                        >
                          <use
                            xlinkHref="#icon-bookmark"
                          />
                        </svg>
                        <span
                          className="visually-hidden"
                        >
                          To bookmarks
                        </span>
                      </button>
                    </div>
                    <div
                      className="place-card__rating rating"
                    >
                      <div
                        className="place-card__stars rating__stars"
                      >
                        <span
                          style={
                            Object {
                              "width": "30%",
                            }
                          }
                        />
                        <span
                          className="visually-hidden"
                        >
                          Rating
                        </span>
                      </div>
                    </div>
                    <h2
                      className="place-card__name"
                    >
                      <a
                        href="/offer/2"
                        onClick={[Function]}
                      >
                        Weird place
                      </a>
                    </h2>
                    <p
                      className="place-card__type"
                    >
                      Private room
                    </p>
                  </div>
                </article>
              </div>
            </div>
          </li>
        </ul>
      </section>
    </div>
  </main>,
  <footer
    className="footer container"
  >
    <a
      className="footer__logo-link"
      href="/"
      onClick={[Function]}
    >
      <img
        alt="6 cities logo"
        className="footer__logo"
        height="33"
        src="img/logo.svg"
        width="64"
      />
    </a>
  </footer>,
]
`;
