// Jest Snapshot v1, https://goo.gl/fbAQLP

exports[`App renders correctly 1`] = `
<PageWrapper
  pageType="login"
>
  <AppHeader />
  <Switch>
    <Route
      exact={true}
      path="/"
      render={[Function]}
    />
    <Route
      exact={true}
      path="/login"
      render={[Function]}
    />
    <Route
      exact={true}
      path="/offer/:null"
      render={[Function]}
    />
  </Switch>
</PageWrapper>
`;
